###############################################################################
#
# IAR ELF Linker V8.30.2.160/W32 for ARM                  04/Jan/2019  16:52:50
# Copyright 2007-2018 IAR Systems AB.
#
#    Output file  =  
#        C:\Users\Recon\Resources\MicroControllers\TivaWare_C_Series-2.1.4.178\examples\boards\ek-tm4c123gxl\Milestone\ewarm\Exe\blinky.out
#    Map file     =  
#        C:\Users\Recon\Resources\MicroControllers\TivaWare_C_Series-2.1.4.178\examples\boards\ek-tm4c123gxl\Milestone\ewarm\List\blinky.map
#    Command line =  
#        -f C:\Users\Recon\AppData\Local\Temp\EW3CDD.tmp
#        (C:\Users\Recon\Resources\MicroControllers\TivaWare_C_Series-2.1.4.178\examples\boards\ek-tm4c123gxl\Milestone\ewarm\Obj\blinky.o
#        C:\Users\Recon\Resources\MicroControllers\TivaWare_C_Series-2.1.4.178\driverlib\ewarm\Exe\driverlib.a
#        C:\Users\Recon\Resources\MicroControllers\TivaWare_C_Series-2.1.4.178\examples\boards\ek-tm4c123gxl\Milestone\ewarm\Obj\startup_ewarm.o
#        --redirect _Printf=_PrintfTiny --redirect _Scanf=_ScanfSmallNoMb
#        --no_out_extension -o
#        C:\Users\Recon\Resources\MicroControllers\TivaWare_C_Series-2.1.4.178\examples\boards\ek-tm4c123gxl\Milestone\ewarm\Exe\blinky.out
#        --map
#        C:\Users\Recon\Resources\MicroControllers\TivaWare_C_Series-2.1.4.178\examples\boards\ek-tm4c123gxl\Milestone\ewarm\List\blinky.map
#        --config
#        C:\Users\Recon\Resources\MicroControllers\TivaWare_C_Series-2.1.4.178\examples\boards\ek-tm4c123gxl\Milestone\blinky.icf
#        --semihosting --entry __iar_program_start --vfe --text_out locale)
#
###############################################################################

*******************************************************************************
*** RUNTIME MODEL ATTRIBUTES
***

CppFlavor       = *
__SystemLibrary = DLib
__dlib_version  = 6


*******************************************************************************
*** HEAP SELECTION
***

The basic heap was selected because some modules are built with
size limitations (and not runtime checking), and --advanced_heap
was not specified.


*******************************************************************************
*** PLACEMENT SUMMARY
***

"A0":  place at start of [from 0x0 to 0x3'ffff] { ro section .intvec };
"P1":  place in [from 0x0 to 0x3'ffff] { ro };
"A1":  place at start of [from 0x2000'0000 to 0x2000'7fff] { section VTABLE };
define block HEAP with size = 0M, alignment = 8 { };
"P2":  place in [from 0x2000'0000 to 0x2000'7fff] { rw, block HEAP };
do not initialize { section .noinit };
initialize by copy { rw };

  Section            Kind         Address    Size  Object
  -------            ----         -------    ----  ------
"A0":                                       0x26c
  .intvec            const            0x0   0x26c  startup_ewarm.o [1]
                                  - 0x26c   0x26c

"P1":                                      0x1674
  .text              ro code        0x26c   0x718  blinky.o [1]
  .text              ro code        0x984   0x540  sysctl.o [3]
  .text              ro code        0xec4   0x3d8  gpio.o [3]
  .text              ro code       0x129c    0x36  strlen.o [5]
  .text              ro code       0x12d4   0x178  iar_Stoulx.o [2]
  .text              ro code       0x144c     0x6  ABImemclr4.o [5]
  .text              ro code       0x1454    0x90  hibernate.o [3]
  .text              ro code       0x14e4   0x178  eeprom.o [3]
  .text              ro code       0x165c     0x4  cpu.o [3]
  .text              ro code       0x1660    0xac  interrupt.o [3]
  .text              ro code       0x170c    0x58  memchr.o [5]
  .text              ro code       0x1764    0x32  ABImemset48.o [5]
  .text              ro code       0x1796    0x38  packbits_init_single.o [5]
  .text              ro code       0x17d0    0x28  data_init.o [5]
  .text              ro code       0x17f8    0x22  fpinit_M.o [4]
  .iar.init_table    const         0x181c    0x10  - Linker created -
  .text              ro code       0x182c    0x1e  startup_ewarm.o [1]
  .text              ro code       0x184a     0xc  cstartup_M.o [5]
  .text              ro code       0x1858    0x1e  cmain.o [5]
  .text              ro code       0x1876     0x4  low_level_init.o [2]
  .text              ro code       0x187a     0x4  exit.o [2]
  .text              ro code       0x1880     0xa  cexit.o [5]
  .text              ro code       0x188c    0x14  exit.o [6]
  .rodata            const         0x18a0    0x10  blinky.o [1]
  .rodata            const         0x18b0    0x10  blinky.o [1]
  .rodata            const         0x18c0    0x10  blinky.o [1]
  .rodata            const         0x18d0     0x0  packbits_init_single.o [5]
  Initializer bytes  const         0x18d0    0x10  <for P2-1>
                                 - 0x18e0  0x1674

"A1":                                       0x26c
  VTABLE             uninit   0x2000'0000   0x26c  interrupt.o [3]
                            - 0x2000'026c   0x26c

"P2", part 1 of 2:                           0x64
  P2-1                        0x2000'026c    0x64  <Init block>
    .data            inited   0x2000'026c    0x20  blinky.o [1]
    .bss             inited   0x2000'028c    0x10  blinky.o [1]
    .bss             inited   0x2000'029c    0x10  blinky.o [1]
    .bss             inited   0x2000'02ac     0x4  blinky.o [1]
    .bss             inited   0x2000'02b0    0x20  blinky.o [1]
                            - 0x2000'02d0    0x64

"P2", part 2 of 2:                          0x200
  .noinit            uninit   0x2000'02d0   0x200  startup_ewarm.o [1]
                            - 0x2000'04d0   0x200

Unused ranges:

         From           To      Size
         ----           --      ----
       0x18e0     0x3'ffff  0x3'e720
  0x2000'04d0  0x2000'7fff    0x7b30


*******************************************************************************
*** INIT TABLE
***

          Address      Size
          -------      ----
Copy/packbits (__iar_packbits_init_single3)
    1 source range, total size 0x10 (16% of destination):
               0x18d0  0x10
    1 destination range, total size 0x64:
          0x2000'026c  0x64



*******************************************************************************
*** MODULE SUMMARY
***

    Module                  ro code  ro data  rw data
    ------                  -------  -------  -------
command line/config:
    -------------------------------------------------
    Total:

C:\Users\Recon\Resources\MicroControllers\TivaWare_C_Series-2.1.4.178\examples\boards\ek-tm4c123gxl\Milestone\ewarm\Obj: [1]
    blinky.o                  1 816       64      100
    startup_ewarm.o              30      620      512
    -------------------------------------------------
    Total:                    1 846      684      612

dl7M_tln.a: [2]
    exit.o                        4
    iar_Stoulx.o                376
    low_level_init.o              4
    -------------------------------------------------
    Total:                      384

driverlib.a: [3]
    cpu.o                         4
    eeprom.o                    376
    gpio.o                      984
    hibernate.o                 144
    interrupt.o                 172               620
    sysctl.o                  1 344
    -------------------------------------------------
    Total:                    3 024               620

m7M_tls.a: [4]
    fpinit_M.o                   34
    -------------------------------------------------
    Total:                       34

rt7M_tl.a: [5]
    ABImemclr4.o                  6
    ABImemset48.o                50
    cexit.o                      10
    cmain.o                      30
    cstartup_M.o                 12
    data_init.o                  40
    memchr.o                     88
    packbits_init_single.o       56
    strlen.o                     54
    -------------------------------------------------
    Total:                      346

shb_l.a: [6]
    exit.o                       20
    -------------------------------------------------
    Total:                       20

    Gaps                         12        2
    Linker created                        16
-----------------------------------------------------
    Grand Total:              5 666      702    1 232


*******************************************************************************
*** ENTRY LIST
***

Entry                       Address   Size  Type      Object
-----                       -------   ----  ----      ------
.iar.init_table$$Base        0x181c          --   Gb  - Linker created -
.iar.init_table$$Limit       0x182c          --   Gb  - Linker created -
?main                        0x1859         Code  Gb  cmain.o [5]
CPUwfi                       0x165d    0x4  Code  Gb  cpu.o [3]
EEPROMInit                   0x1545   0x2a  Code  Gb  eeprom.o [3]
EEPROMProgram                0x15a7   0x96  Code  Gb  eeprom.o [3]
EEPROMRead                   0x157d   0x2a  Code  Gb  eeprom.o [3]
FaultISR                     0x1847    0x2  Code  Lc  startup_ewarm.o [1]
GPIODirModeSet                0xf05   0x28  Code  Gb  gpio.o [3]
GPIOIntClear                 0x1081    0x8  Code  Gb  gpio.o [3]
GPIOIntEnable                0x107b    0x6  Code  Gb  gpio.o [3]
GPIOIntRegister              0x1089   0x14  Code  Gb  gpio.o [3]
GPIOIntTypeSet                0xf2d   0x4c  Code  Gb  gpio.o [3]
GPIOPadConfigSet              0xf79  0x102  Code  Gb  gpio.o [3]
GPIOPinRead                  0x10a5    0x8  Code  Gb  gpio.o [3]
GPIOPinTypeGPIOInput         0x10b9   0x14  Code  Gb  gpio.o [3]
GPIOPinTypeGPIOOutput        0x10cd    0xa  Code  Gb  gpio.o [3]
GPIOPinWrite                 0x10ad    0x8  Code  Gb  gpio.o [3]
HibernateClockConfig         0x146b   0x42  Code  Gb  hibernate.o [3]
HibernateEnableExpClk        0x1455    0xc  Code  Gb  hibernate.o [3]
HibernateRTCDisable          0x14b9    0xc  Code  Gb  hibernate.o [3]
HibernateRTCEnable           0x14ad    0xc  Code  Gb  hibernate.o [3]
HibernateRTCGet              0x14c5    0x8  Code  Gb  hibernate.o [3]
IntDefaultHandler            0x1849    0x2  Code  Lc  startup_ewarm.o [1]
IntEnable                    0x1689   0x46  Code  Gb  interrupt.o [3]
IntRegister                  0x1661   0x28  Code  Gb  interrupt.o [3]
NmiSR                        0x1845    0x2  Code  Lc  startup_ewarm.o [1]
PortCIntHandler               0x899   0x94  Code  Gb  blinky.o [1]
Region$$Table$$Base          0x181c          --   Gb  - Linker created -
Region$$Table$$Limit         0x182c          --   Gb  - Linker created -
ResetISR                     0x182d   0x12  Code  Gb  startup_ewarm.o [1]
SysCtlClockFreqSet            0xa35  0x20a  Code  Gb  sysctl.o [3]
SysCtlDelay                   0xa2d    0x8  Code  Gb  sysctl.o [3]
SysCtlPeripheralEnable        0xa09    0x8  Code  Gb  sysctl.o [3]
SysCtlPeripheralReady         0x9a5    0x8  Code  Gb  sysctl.o [3]
SysCtlPeripheralReset         0x9c7   0x42  Code  Gb  sysctl.o [3]
SysCtlSleep                   0xa27    0x4  Code  Gb  sysctl.o [3]
_EEPROMSectorMaskClear       0x1517   0x28  Code  Lc  eeprom.o [3]
_EEPROMSectorMaskSet         0x14e5   0x32  Code  Lc  eeprom.o [3]
_GPIOIntNumberGet             0xec5   0x40  Code  Lc  gpio.o [3]
_SysCtlMemTimingGet           0x985   0x20  Code  Lc  sysctl.o [3]
__aeabi_memclr4              0x144d         Code  Gb  ABImemclr4.o [5]
__cmain                      0x1859         Code  Gb  cmain.o [5]
__exit                       0x188d   0x14  Code  Gb  exit.o [6]
__iar_Memchr                 0x170d         Code  Gb  memchr.o [5]
__iar_Memset4_word           0x1765         Code  Gb  ABImemset48.o [5]
__iar_Memset8_word           0x1765         Code  Gb  ABImemset48.o [5]
__iar_Stoulx                 0x12d5  0x114  Code  Gb  iar_Stoulx.o [2]
__iar_data_init3             0x17d1   0x28  Code  Gb  data_init.o [5]
__iar_init_vfp               0x17f9         Code  Gb  fpinit_M.o [4]
__iar_packbits_init_single3
                             0x1797   0x38  Code  Gb  packbits_init_single.o [5]
__iar_program_start          0x184b         Code  Gb  cstartup_M.o [5]
__low_level_init             0x1877    0x4  Code  Gb  low_level_init.o [2]
__vector_table                  0x0  0x26c  Data  Gb  startup_ewarm.o [1]
_call_main                   0x1865         Code  Gb  cmain.o [5]
_exit                        0x1881         Code  Gb  cexit.o [5]
_main                        0x1873         Code  Gb  cmain.o [5]
atoi                         0x13ef    0x2  Code  Gb  iar_Stoulx.o [2]
calc                          0x657   0x34  Code  Gb  blinky.o [1]
compute                       0x57d   0x68  Code  Gb  blinky.o [1]
delay_ms                      0x561   0x1c  Code  Gb  blinky.o [1]
delay_us                      0x549   0x18  Code  Gb  blinky.o [1]
digits                       0x13fc   0x28  Data  Lc  iar_Stoulx.o [2]
eeprom_init                   0x811   0x20  Code  Gb  blinky.o [1]
enable_int                    0x877   0x22  Code  Gb  blinky.o [1]
exit                         0x187b    0x4  Code  Gb  exit.o [2]
final                   0x2000'028c   0x10  Data  Gb  blinky.o [1]
g_pfnRAMVectors         0x2000'0000  0x26c  Data  Lc  interrupt.o [3]
g_pppui32XTALtoVCO            0xcdc  0x1b0  Data  Lc  sysctl.o [3]
g_ppui32GPIOIntMapBlizzard
                             0x1104   0xc0  Data  Lc  gpio.o [3]
g_ppui32GPIOIntMapSnowflake
                             0x11c4   0xd8  Data  Lc  gpio.o [3]
g_pui32EnRegs                0x16f8   0x14  Data  Lc  interrupt.o [3]
g_pui32VCOFrequencies         0xebc    0x8  Data  Lc  sysctl.o [3]
g_pui32Xtals                  0xc70   0x6c  Data  Lc  sysctl.o [3]
g_sXTALtoMEMTIM               0xe8c   0x30  Data  Lc  sysctl.o [3]
get_final_result              0x711   0x22  Code  Gb  blinky.o [1]
get_operand                   0x5e5   0x48  Code  Gb  blinky.o [1]
get_operator_index            0x62d   0x2a  Code  Gb  blinky.o [1]
handle_error                  0x92d    0xa  Code  Gb  blinky.o [1]
has_error                     0x733   0xba  Code  Gb  blinky.o [1]
input                   0x2000'029c   0x10  Data  Gb  blinky.o [1]
input_index             0x2000'02ac    0x4  Data  Gb  blinky.o [1]
is_operator                   0x68b   0x28  Code  Gb  blinky.o [1]
keypad                       0x18c0   0x10  Data  Gb  blinky.o [1]
keypad_init                   0x26d   0x5a  Code  Gb  blinky.o [1]
lcd_cmd                       0x40f   0x44  Code  Gb  blinky.o [1]
lcd_data                      0x453   0x50  Code  Gb  blinky.o [1]
lcd_init                      0x39f   0x70  Code  Gb  blinky.o [1]
lcd_reset                     0x539   0x10  Code  Gb  blinky.o [1]
lcd_write_result              0x4a3   0x70  Code  Gb  blinky.o [1]
lcd_write_string              0x513   0x26  Code  Gb  blinky.o [1]
main                          0x831   0x46  Code  Gb  blinky.o [1]
memchr                       0x170d         Code  Gb  memchr.o [5]
ndigs                        0x1424   0x28  Data  Lc  iar_Stoulx.o [2]
pui32Stack              0x2000'02d0  0x200  Data  Lc  startup_ewarm.o [1]
read                    0x2000'02b0   0x20  Data  Gb  blinky.o [1]
read_keypad                   0x2c7   0xd8  Code  Gb  blinky.o [1]
rtc_init                      0x7ed   0x24  Code  Gb  blinky.o [1]
strlen                       0x129d         Code  Gb  strlen.o [5]
to_string                     0x6b3   0x5e  Code  Gb  blinky.o [1]
write                   0x2000'026c   0x20  Data  Gb  blinky.o [1]


[1] = C:\Users\Recon\Resources\MicroControllers\TivaWare_C_Series-2.1.4.178\examples\boards\ek-tm4c123gxl\Milestone\ewarm\Obj
[2] = dl7M_tln.a
[3] = driverlib.a
[4] = m7M_tls.a
[5] = rt7M_tl.a
[6] = shb_l.a

  5 666 bytes of readonly  code memory
    702 bytes of readonly  data memory
  1 232 bytes of readwrite data memory

Errors: none
Warnings: none
